Archive member included to satisfy reference by file (symbol)

/home/snorkman/LPCXpresso/borra/lpc_board_nxp_lpcxpresso_4337/Debug/liblpc_board_nxp_lpcxpresso_4337.a(board_sysinit.o)
                              ./example/src/sysinit.o (Board_SystemInit)
/home/snorkman/LPCXpresso/borra/lpc_chip_43xx/Debug/liblpc_chip_43xx.a(adc_18xx_43xx.o)
                              ./example/src/perifericos.o (Chip_ADC_Init)
/home/snorkman/LPCXpresso/borra/lpc_chip_43xx/Debug/liblpc_chip_43xx.a(chip_18xx_43xx.o)
                              ./example/src/perifericos.o (SystemCoreClockUpdate)
/home/snorkman/LPCXpresso/borra/lpc_chip_43xx/Debug/liblpc_chip_43xx.a(clock_18xx_43xx.o)
                              /home/snorkman/LPCXpresso/borra/lpc_chip_43xx/Debug/liblpc_chip_43xx.a(chip_18xx_43xx.o) (Chip_Clock_GetClockInputHz)
/home/snorkman/LPCXpresso/borra/lpc_chip_43xx/Debug/liblpc_chip_43xx.a(fpu_init.o)
                              ./example/src/sysinit.o (fpuInit)
/home/snorkman/LPCXpresso/borra/lpc_chip_43xx/Debug/liblpc_chip_43xx.a(sysinit_18xx_43xx.o)
                              /home/snorkman/LPCXpresso/borra/lpc_board_nxp_lpcxpresso_4337/Debug/liblpc_board_nxp_lpcxpresso_4337.a(board_sysinit.o) (Chip_SetupCoreClock)
/home/snorkman/LPCXpresso/borra/lpc_chip_43xx/Debug/liblpc_chip_43xx.a(uart_18xx_43xx.o)
                              ./example/src/perifericos.o (Chip_UART_Init)
/home/snorkman/LPCXpresso/borra/lpc_chip_43xx/Debug/liblpc_chip_43xx.a(ring_buffer.o)
                              /home/snorkman/LPCXpresso/borra/lpc_chip_43xx/Debug/liblpc_chip_43xx.a(uart_18xx_43xx.o) (RingBuffer_Insert)
/usr/local/lpcxpresso_8.2.2_650/lpcxpresso/tools/bin/../lib/gcc/arm-none-eabi/5.4.1/../../../../arm-none-eabi/lib/armv7e-m/softfp/libcr_nohost.a(_cr__main.o)
                              ./example/src/cr_startup_lpc43xx.o (__main)
/usr/local/lpcxpresso_8.2.2_650/lpcxpresso/tools/bin/../lib/gcc/arm-none-eabi/5.4.1/../../../../arm-none-eabi/lib/armv7e-m/softfp/libcr_c.a(memcpy.o)
                              /home/snorkman/LPCXpresso/borra/lpc_chip_43xx/Debug/liblpc_chip_43xx.a(ring_buffer.o) (memcpy)
/usr/local/lpcxpresso_8.2.2_650/lpcxpresso/tools/bin/../lib/gcc/arm-none-eabi/5.4.1/../../../../arm-none-eabi/lib/armv7e-m/softfp/libcr_c.a(memset.o)
                              /home/snorkman/LPCXpresso/borra/lpc_chip_43xx/Debug/liblpc_chip_43xx.a(clock_18xx_43xx.o) (memset)
/usr/local/lpcxpresso_8.2.2_650/lpcxpresso/tools/bin/../lib/gcc/arm-none-eabi/5.4.1/../../../../arm-none-eabi/lib/armv7e-m/softfp/libcr_c.a(initio.o)
                              /usr/local/lpcxpresso_8.2.2_650/lpcxpresso/tools/bin/../lib/gcc/arm-none-eabi/5.4.1/../../../../arm-none-eabi/lib/armv7e-m/softfp/libcr_nohost.a(_cr__main.o) (_initio)
/usr/local/lpcxpresso_8.2.2_650/lpcxpresso/tools/bin/../lib/gcc/arm-none-eabi/5.4.1/../../../../arm-none-eabi/lib/armv7e-m/softfp/libcr_c.a(setvbuf.o)
                              /usr/local/lpcxpresso_8.2.2_650/lpcxpresso/tools/bin/../lib/gcc/arm-none-eabi/5.4.1/../../../../arm-none-eabi/lib/armv7e-m/softfp/libcr_c.a(initio.o) (setvbuf)
/usr/local/lpcxpresso_8.2.2_650/lpcxpresso/tools/bin/../lib/gcc/arm-none-eabi/5.4.1/../../../../arm-none-eabi/lib/armv7e-m/softfp/libcr_c.a(stdio.o)
                              /usr/local/lpcxpresso_8.2.2_650/lpcxpresso/tools/bin/../lib/gcc/arm-none-eabi/5.4.1/../../../../arm-none-eabi/lib/armv7e-m/softfp/libcr_c.a(initio.o) (__Ciob)
/usr/local/lpcxpresso_8.2.2_650/lpcxpresso/tools/bin/../lib/gcc/arm-none-eabi/5.4.1/../../../../arm-none-eabi/lib/armv7e-m/softfp/libcr_c.a(__fillbuf.o)
                              /usr/local/lpcxpresso_8.2.2_650/lpcxpresso/tools/bin/../lib/gcc/arm-none-eabi/5.4.1/../../../../arm-none-eabi/lib/armv7e-m/softfp/libcr_c.a(stdio.o) (__filbuf)
/usr/local/lpcxpresso_8.2.2_650/lpcxpresso/tools/bin/../lib/gcc/arm-none-eabi/5.4.1/../../../../arm-none-eabi/lib/armv7e-m/softfp/libcr_c.a(_deferredlazyseek.o)
                              /usr/local/lpcxpresso_8.2.2_650/lpcxpresso/tools/bin/../lib/gcc/arm-none-eabi/5.4.1/../../../../arm-none-eabi/lib/armv7e-m/softfp/libcr_c.a(__fillbuf.o) (_deferredlazyseek)
/usr/local/lpcxpresso_8.2.2_650/lpcxpresso/tools/bin/../lib/gcc/arm-none-eabi/5.4.1/../../../../arm-none-eabi/lib/armv7e-m/softfp/libcr_c.a(_fdopen.o)
                              /usr/local/lpcxpresso_8.2.2_650/lpcxpresso/tools/bin/../lib/gcc/arm-none-eabi/5.4.1/../../../../arm-none-eabi/lib/armv7e-m/softfp/libcr_c.a(initio.o) (_fdopen)
/usr/local/lpcxpresso_8.2.2_650/lpcxpresso/tools/bin/../lib/gcc/arm-none-eabi/5.4.1/../../../../arm-none-eabi/lib/armv7e-m/softfp/libcr_c.a(_fflush.o)
                              /usr/local/lpcxpresso_8.2.2_650/lpcxpresso/tools/bin/../lib/gcc/arm-none-eabi/5.4.1/../../../../arm-none-eabi/lib/armv7e-m/softfp/libcr_c.a(__fillbuf.o) (_fflush)
/usr/local/lpcxpresso_8.2.2_650/lpcxpresso/tools/bin/../lib/gcc/arm-none-eabi/5.4.1/../../../../arm-none-eabi/lib/armv7e-m/softfp/libcr_c.a(_writebuf.o)
[...]
Memory Configuration

Name             Origin             Length             Attributes
MFlashA512       0x1a000000         0x00080000         xr
MFlashB512       0x1b000000         0x00080000         xr
RamLoc32         0x10000000         0x00008000         xrw
RamLoc40         0x10080000         0x0000a000         xrw
RamAHB32         0x20000000         0x00008000         xrw
RamAHB16         0x20008000         0x00004000         xrw
RamAHB_ETB16     0x2000c000         0x00004000         xrw
*default*        0x00000000         0xffffffff

Linker script and memory map

LOAD ./example/src/cr_startup_lpc43xx.o
LOAD ./example/src/fsm_battery_monitor.o
LOAD ./example/src/main.o
LOAD ./example/src/perifericos.o
LOAD ./example/src/sysinit.o
LOAD /home/snorkman/LPCXpresso/borra/lpc_board_nxp_lpcxpresso_4337/Debug/liblpc_board_nxp_lpcxpresso_4337.a
LOAD /home/snorkman/LPCXpresso/borra/lpc_chip_43xx/Debug/liblpc_chip_43xx.a
START GROUP
LOAD /usr/local/lpcxpresso_8.2.2_650/lpcxpresso/tools/bin/../lib/gcc/arm-none-eabi/5.4.1/../../../../arm-none-eabi/lib/armv7e-m/softfp/libcr_nohost.a
LOAD /usr/local/lpcxpresso_8.2.2_650/lpcxpresso/tools/bin/../lib/gcc/arm-none-eabi/5.4.1/../../../../arm-none-eabi/lib/armv7e-m/softfp/libcr_c.a
LOAD /usr/local/lpcxpresso_8.2.2_650/lpcxpresso/tools/bin/../lib/gcc/arm-none-eabi/5.4.1/armv7e-m/softfp/libcr_eabihelpers.a
END GROUP
                0x1a000000                __base_MFlashA512 = 0x1a000000
                0x1a000000                __base_Flash = 0x1a000000
                0x1a080000                __top_MFlashA512 = 0x1a080000
                0x1a080000                __top_Flash = 0x1a080000
                0x1b000000                __base_MFlashB512 = 0x1b000000
                0x1b000000                __base_Flash2 = 0x1b000000
                0x1b080000                __top_MFlashB512 = 0x1b080000
                0x1b080000                __top_Flash2 = 0x1b080000
                0x10000000                __base_RamLoc32 = 0x10000000
                0x10000000                __base_RAM = 0x10000000
                0x10008000                __top_RamLoc32 = 0x10008000
                0x10008000                __top_RAM = 0x10008000
                0x10080000                __base_RamLoc40 = 0x10080000
                0x10080000                __base_RAM2 = 0x10080000
                0x1008a000                __top_RamLoc40 = 0x1008a000
                0x1008a000                __top_RAM2 = 0x1008a000
                0x20000000                __base_RamAHB32 = 0x20000000
                0x20000000                __base_RAM3 = 0x20000000
                0x20008000                __top_RamAHB32 = 0x20008000
                0x20008000                __top_RAM3 = 0x20008000
                0x20008000                __base_RamAHB16 = 0x20008000
                0x20008000                __base_RAM4 = 0x20008000
                0x2000c000                __top_RamAHB16 = 0x2000c000
                0x2000c000                __top_RAM4 = 0x2000c000
                0x2000c000                __base_RamAHB_ETB16 = 0x2000c000
                0x2000c000                __base_RAM5 = 0x2000c000
                0x20010000                __top_RamAHB_ETB16 = 0x20010000
                0x20010000                __top_RAM5 = 0x20010000

.text_Flash2    0x1b000000        0x0
 FILL mask 0xff
 *(.text_Flash2*)
 *(.text_MFlashB512*)
 *(.text.$Flash2*)
 *(.text.$MFlashB512*)
 *(.rodata.$Flash2*)
 *(.rodata.$MFlashB512*)

.text           0x1a000000     0x2264
 FILL mask 0xff
                0x1a000000                __vectors_start__ = ABSOLUTE (.)
 *(.isr_vector)
 .isr_vector    0x1a000000      0x114 ./example/src/cr_startup_lpc43xx.o
                0x1a000000                g_pfnVectors
                0x1a000114                . = ALIGN (0x4)
                0x1a000114                __section_table_start = .
                0x1a000114                __data_section_table = .
                0x1a000114        0x4 LONG 0x1a002264 LOADADDR (.data)
                0x1a000118        0x4 LONG 0x10000000 ADDR (.data)
                0x1a00011c        0x4 LONG 0x8 SIZEOF (.data)
                0x1a000120        0x4 LONG 0x1a002264 LOADADDR (.data_RAM2)
                0x1a000124        0x4 LONG 0x10080000 ADDR (.data_RAM2)
                0x1a000128        0x4 LONG 0x0 SIZEOF (.data_RAM2)
                0x1a00012c        0x4 LONG 0x1a002264 LOADADDR (.data_RAM3)
                0x1a000130        0x4 LONG 0x20000000 ADDR (.data_RAM3)
                0x1a000134        0x4 LONG 0x0 SIZEOF (.data_RAM3)
                0x1a000138        0x4 LONG 0x1a002264 LOADADDR (.data_RAM4)
                0x1a00013c        0x4 LONG 0x20008000 ADDR (.data_RAM4)
                0x1a000140        0x4 LONG 0x0 SIZEOF (.data_RAM4)
                0x1a000144        0x4 LONG 0x1a002264 LOADADDR (.data_RAM5)
                0x1a000148        0x4 LONG 0x2000c000 ADDR (.data_RAM5)
                0x1a00014c        0x4 LONG 0x0 SIZEOF (.data_RAM5)
                0x1a000150                __data_section_table_end = .
                0x1a000150                __bss_section_table = .
                0x1a000150        0x4 LONG 0x10000008 ADDR (.bss)
                0x1a000154        0x4 LONG 0x16c SIZEOF (.bss)
                0x1a000158        0x4 LONG 0x10080000 ADDR (.bss_RAM2)
                0x1a00015c        0x4 LONG 0x0 SIZEOF (.bss_RAM2)
                0x1a000160        0x4 LONG 0x20000000 ADDR (.bss_RAM3)
                0x1a000164        0x4 LONG 0x0 SIZEOF (.bss_RAM3)
                0x1a000168        0x4 LONG 0x20008000 ADDR (.bss_RAM4)
                0x1a00016c        0x4 LONG 0x0 SIZEOF (.bss_RAM4)
                0x1a000170        0x4 LONG 0x2000c000 ADDR (.bss_RAM5)
                0x1a000174        0x4 LONG 0x0 SIZEOF (.bss_RAM5)
                0x1a000178                __bss_section_table_end = .
                0x1a000178                __section_table_end = .
 *(.after_vectors*)
 .after_vectors
                0x1a000178       0xcc ./example/src/cr_startup_lpc43xx.o
                0x1a000178                data_init
                0x1a0001bc                bss_init
                0x1a0001f4                NMI_Handler
                0x1a0001fc                HardFault_Handler
                0x1a000204                MemManage_Handler
                0x1a00020c                BusFault_Handler
                0x1a000214                UsageFault_Handler
                0x1a00021c                SVC_Handler
                0x1a000224                DebugMon_Handler
                0x1a00022c                PendSV_Handler
                0x1a000234                SysTick_Handler
                0x1a00023c                TIMER2_IRQHandler
                0x1a00023c                RIT_IRQHandler
                0x1a00023c                ADCHS_IRQHandler
                0x1a00023c                FLASH_EEPROM_IRQHandler
                0x1a00023c                I2C0_IRQHandler
                0x1a00023c                SDIO_IRQHandler
                0x1a00023c                ATIMER_IRQHandler
                0x1a00023c                I2C1_IRQHandler
                0x1a00023c                UART1_IRQHandler
                0x1a00023c                GPIO5_IRQHandler
                0x1a00023c                CAN1_IRQHandler
                0x1a00023c                USB1_IRQHandler
                0x1a00023c                I2S0_IRQHandler
                0x1a00023c                TIMER3_IRQHandler
                0x1a00023c                UART0_IRQHandler
                0x1a00023c                SGPIO_IRQHandler
                0x1a00023c                ADC0_IRQHandler
                0x1a00023c                GPIO6_IRQHandler
                0x1a00023c                IntDefaultHandler
                0x1a00023c                GPIO1_IRQHandler
                0x1a00023c                SSP0_IRQHandler
                0x1a00023c                ADC1_IRQHandler
                0x1a00023c                RTC_IRQHandler
                0x1a00023c                TIMER0_IRQHandler
                0x1a00023c                SPI_IRQHandler
                0x1a00023c                LCD_IRQHandler
                0x1a00023c                TIMER1_IRQHandler
                0x1a00023c                UART2_IRQHandler
                0x1a00023c                GPIO2_IRQHandler
                0x1a00023c                I2S1_IRQHandler
                0x1a00023c                SSP1_IRQHandler
                0x1a00023c                USB0_IRQHandler
                0x1a00023c                GPIO3_IRQHandler
                0x1a00023c                SCT_IRQHandler
                0x1a00023c                WDT_IRQHandler
                0x1a00023c                GPIO7_IRQHandler
                0x1a00023c                SPIFI_IRQHandler
                0x1a00023c                QEI_IRQHandler
                0x1a00023c                ETH_IRQHandler
                0x1a00023c                CAN0_IRQHandler
                0x1a00023c                GINT0_IRQHandler
                0x1a00023c                DAC_IRQHandler
                0x1a00023c                M0SUB_IRQHandler
                0x1a00023c                GPIO0_IRQHandler
                0x1a00023c                DMA_IRQHandler
                0x1a00023c                EVRT_IRQHandler
                0x1a00023c                UART3_IRQHandler
                0x1a00023c                MCPWM_IRQHandler
                0x1a00023c                M0APP_IRQHandler
                0x1a00023c                GINT1_IRQHandler
                0x1a00023c                GPIO4_IRQHandler
 *(.text*)
 .text.ResetISR
                0x1a000244       0xc4 ./example/src/cr_startup_lpc43xx.o
                0x1a000244                ResetISR
 .text.inicializa_fsm
                0x1a000308        0xc ./example/src/fsm_battery_monitor.o
                0x1a000308                inicializa_fsm
 .text.actualizar_fsm
                0x1a000314       0x7c ./example/src/fsm_battery_monitor.o
                0x1a000314                actualizar_fsm
 .text.main     0x1a000390       0x18 ./example/src/main.o
                0x1a000390                main
 .text.Chip_SCU_PinMuxSet
                0x1a0003a8       0x34 ./example/src/perifericos.o
 .text.Chip_SCU_ADC_Channel_Config
                0x1a0003dc       0x40 ./example/src/perifericos.o
 .text.Chip_GPIO_GetPinState
                0x1a00041c       0x38 ./example/src/perifericos.o
 .text.Chip_GPIO_SetPinDIRInput
                0x1a000454       0x40 ./example/src/perifericos.o
 .text.Chip_UART_TXEnable
                0x1a000494       0x1c ./example/src/perifericos.o
 .text.Chip_UART_ConfigData
                0x1a0004b0       0x1c ./example/src/perifericos.o
 .text.inicia_periferico
                0x1a0004cc       0x1c ./example/src/perifericos.o
                0x1a0004cc                inicia_periferico
 .text.configura_pines
                0x1a0004e8       0x44 ./example/src/perifericos.o
                0x1a0004e8                configura_pines
 .text.inicia_uart0
                0x1a00052c       0x4c ./example/src/perifericos.o
                0x1a00052c                inicia_uart0
 .text.inicia_ADC
                0x1a000578       0x44 ./example/src/perifericos.o
                0x1a000578                inicia_ADC
 .text.leer_adc
                0x1a0005bc       0x5c ./example/src/perifericos.o
                0x1a0005bc                leer_adc
 .text.lee_boton
                0x1a000618       0x34 ./example/src/perifericos.o
                0x1a000618                lee_boton
 .text.delay_ms
                0x1a00064c       0x3c ./example/src/perifericos.o
                0x1a00064c                delay_ms
 .text.SystemInit
                0x1a000688       0x28 ./example/src/sysinit.o
                0x1a000688                SystemInit
 .text.Chip_SCU_PinMuxSet
                0x1a0006b0       0x34 /home/snorkman/LPCXpresso/borra/lpc_board_nxp_lpcxpresso_4337/Debug/liblpc_board_nxp_lpcxpresso_4337.a(board_sysinit.o)
 .text.Chip_SCU_SetPinMuxing
                0x1a0006e4       0x4c /home/snorkman/LPCXpresso/borra/lpc_board_nxp_lpcxpresso_4337/Debug/liblpc_board_nxp_lpcxpresso_4337.a(board_sysinit.o)
 .text.Chip_CREG_SetFlashAcceleration
                0x1a000730       0x54 /home/snorkman/LPCXpresso/borra/lpc_board_nxp_lpcxpresso_4337/Debug/liblpc_board_nxp_lpcxpresso_4337.a(board_sysinit.o)
 .text.Board_SetupMuxing
                0x1a000784       0x14 /home/snorkman/LPCXpresso/borra/lpc_board_nxp_lpcxpresso_4337/Debug/liblpc_board_nxp_lpcxpresso_4337.a(board_sysinit.o)
                0x1a000784                Board_SetupMuxing
 .text.Board_SetupClocking
                0x1a000798       0x80 /home/snorkman/LPCXpresso/borra/lpc_board_nxp_lpcxpresso_4337/Debug/liblpc_board_nxp_lpcxpresso_4337.a(board_sysinit.o)
                0x1a000798                Board_SetupClocking
 .text.Board_SystemInit
                0x1a000818       0x10 /home/snorkman/LPCXpresso/borra/lpc_board_nxp_lpcxpresso_4337/Debug/liblpc_board_nxp_lpcxpresso_4337.a(board_sysinit.o)
                0x1a000818                Board_SystemInit
 .text.getFullConvClk
                0x1a000828       0x10 /home/snorkman/LPCXpresso/borra/lpc_chip_43xx/Debug/liblpc_chip_43xx.a(adc_18xx_43xx.o)
 .text.Chip_ADC_GetClockIndex
                0x1a000838       0x2c /home/snorkman/LPCXpresso/borra/lpc_chip_43xx/Debug/liblpc_chip_43xx.a(adc_18xx_43xx.o)
 .text.getClkDiv
                0x1a000864       0x68 /home/snorkman/LPCXpresso/borra/lpc_chip_43xx/Debug/liblpc_chip_43xx.a(adc_18xx_43xx.o)
 .text.setStartMode
                0x1a0008cc       0x30 /home/snorkman/LPCXpresso/borra/lpc_chip_43xx/Debug/liblpc_chip_43xx.a(adc_18xx_43xx.o)
                0x1a0008cc                setStartMode
 .text.readAdcVal
                0x1a0008fc       0x44 /home/snorkman/LPCXpresso/borra/lpc_chip_43xx/Debug/liblpc_chip_43xx.a(adc_18xx_43xx.o)
                0x1a0008fc                readAdcVal
 .text.Chip_ADC_Init
                0x1a000940       0x88 /home/snorkman/LPCXpresso/borra/lpc_chip_43xx/Debug/liblpc_chip_43xx.a(adc_18xx_43xx.o)
                0x1a000940                Chip_ADC_Init
 .text.Chip_ADC_ReadValue
                0x1a0009c8       0x24 /home/snorkman/LPCXpresso/borra/lpc_chip_43xx/Debug/liblpc_chip_43xx.a(adc_18xx_43xx.o)
                0x1a0009c8                Chip_ADC_ReadValue
 .text.Chip_ADC_Int_SetChannelCmd
                0x1a0009ec       0x4c /home/snorkman/LPCXpresso/borra/lpc_chip_43xx/Debug/liblpc_chip_43xx.a(adc_18xx_43xx.o)
                0x1a0009ec                Chip_ADC_Int_SetChannelCmd
 .text.Chip_ADC_SetStartMode
                0x1a000a38       0x50 /home/snorkman/LPCXpresso/borra/lpc_chip_43xx/Debug/liblpc_chip_43xx.a(adc_18xx_43xx.o)
                0x1a000a38                Chip_ADC_SetStartMode
 .text.Chip_ADC_SetSampleRate
                0x1a000a88       0x64 /home/snorkman/LPCXpresso/borra/lpc_chip_43xx/Debug/liblpc_chip_43xx.a(adc_18xx_43xx.o)
                0x1a000a88                Chip_ADC_SetSampleRate
 .text.Chip_ADC_EnableChannel
                0x1a000aec       0x58 /home/snorkman/LPCXpresso/borra/lpc_chip_43xx/Debug/liblpc_chip_43xx.a(adc_18xx_43xx.o)
                0x1a000aec                Chip_ADC_EnableChannel
 .text.Chip_ADC_SetBurstCmd
                0x1a000b44       0x3c /home/snorkman/LPCXpresso/borra/lpc_chip_43xx/Debug/liblpc_chip_43xx.a(adc_18xx_43xx.o)
                0x1a000b44                Chip_ADC_SetBurstCmd
 .text.SystemCoreClockUpdate
                0x1a000b80       0x18 /home/snorkman/LPCXpresso/borra/lpc_chip_43xx/Debug/liblpc_chip_43xx.a(chip_18xx_43xx.o)
                0x1a000b80                SystemCoreClockUpdate
 .text.ABS      0x1a000b98       0x24 /home/snorkman/LPCXpresso/borra/lpc_chip_43xx/Debug/liblpc_chip_43xx.a(clock_18xx_43xx.o)
 .text.pll_calc_divs
                0x1a000bbc      0x124 /home/snorkman/LPCXpresso/borra/lpc_chip_43xx/Debug/liblpc_chip_43xx.a(clock_18xx_43xx.o)
 .text.pll_get_frac
                0x1a000ce0      0x178 /home/snorkman/LPCXpresso/borra/lpc_chip_43xx/Debug/liblpc_chip_43xx.a(clock_18xx_43xx.o)
 .text.Chip_Clock_GetDivRate
                0x1a000e58       0x40 /home/snorkman/LPCXpresso/borra/lpc_chip_43xx/Debug/liblpc_chip_43xx.a(clock_18xx_43xx.o)
 .text.Chip_Clock_FindBaseClock
                0x1a000e98       0x90 /home/snorkman/LPCXpresso/borra/lpc_chip_43xx/Debug/liblpc_chip_43xx.a(clock_18xx_43xx.o)
 .text.Chip_Clock_EnableCrystal
                0x1a000f28       0x70 /home/snorkman/LPCXpresso/borra/lpc_chip_43xx/Debug/liblpc_chip_43xx.a(clock_18xx_43xx.o)
                0x1a000f28                Chip_Clock_EnableCrystal
 .text.Chip_Clock_CalcMainPLLValue
                0x1a000f98       0xd8 /home/snorkman/LPCXpresso/borra/lpc_chip_43xx/Debug/liblpc_chip_43xx.a(clock_18xx_43xx.o)
                0x1a000f98                Chip_Clock_CalcMainPLLValue
 .text.Chip_Clock_GetMainPLLHz
                0x1a001070       0xc0 /home/snorkman/LPCXpresso/borra/lpc_chip_43xx/Debug/liblpc_chip_43xx.a(clock_18xx_43xx.o)
                0x1a001070                Chip_Clock_GetMainPLLHz
 .text.Chip_Clock_GetDividerSource
                0x1a001130       0x40 /home/snorkman/LPCXpresso/borra/lpc_chip_43xx/Debug/liblpc_chip_43xx.a(clock_18xx_43xx.o)
                0x1a001130                Chip_Clock_GetDividerSource
 .text.Chip_Clock_GetDividerDivisor
                0x1a001170       0x38 /home/snorkman/LPCXpresso/borra/lpc_chip_43xx/Debug/liblpc_chip_43xx.a(clock_18xx_43xx.o)
                0x1a001170                Chip_Clock_GetDividerDivisor
 .text.Chip_Clock_GetClockInputHz
                0x1a0011a8      0x140 /home/snorkman/LPCXpresso/borra/lpc_chip_43xx/Debug/liblpc_chip_43xx.a(clock_18xx_43xx.o)
                0x1a0011a8                Chip_Clock_GetClockInputHz
 .text.Chip_Clock_GetBaseClocktHz
                0x1a0012e8       0x24 /home/snorkman/LPCXpresso/borra/lpc_chip_43xx/Debug/liblpc_chip_43xx.a(clock_18xx_43xx.o)
                0x1a0012e8                Chip_Clock_GetBaseClocktHz
 .text.Chip_Clock_SetBaseClock
                0x1a00130c       0x9c /home/snorkman/LPCXpresso/borra/lpc_chip_43xx/Debug/liblpc_chip_43xx.a(clock_18xx_43xx.o)
                0x1a00130c                Chip_Clock_SetBaseClock
 .text.Chip_Clock_GetBaseClock
                0x1a0013a8       0x4c /home/snorkman/LPCXpresso/borra/lpc_chip_43xx/Debug/liblpc_chip_43xx.a(clock_18xx_43xx.o)
                0x1a0013a8                Chip_Clock_GetBaseClock
 .text.Chip_Clock_EnableOpts
                0x1a0013f4       0x7c /home/snorkman/LPCXpresso/borra/lpc_chip_43xx/Debug/liblpc_chip_43xx.a(clock_18xx_43xx.o)
                0x1a0013f4                Chip_Clock_EnableOpts
 .text.Chip_Clock_GetRate
                0x1a001470       0x88 /home/snorkman/LPCXpresso/borra/lpc_chip_43xx/Debug/liblpc_chip_43xx.a(clock_18xx_43xx.o)
                0x1a001470                Chip_Clock_GetRate
 .text.fpuInit  0x1a0014f8       0x74 /home/snorkman/LPCXpresso/borra/lpc_chip_43xx/Debug/liblpc_chip_43xx.a(fpu_init.o)
                0x1a0014f8                fpuInit
 .text.Chip_Clock_DisableMainPLL
                0x1a00156c       0x20 /home/snorkman/LPCXpresso/borra/lpc_chip_43xx/Debug/liblpc_chip_43xx.a(sysinit_18xx_43xx.o)
 .text.Chip_Clock_SetupMainPLL
                0x1a00158c       0x44 /home/snorkman/LPCXpresso/borra/lpc_chip_43xx/Debug/liblpc_chip_43xx.a(sysinit_18xx_43xx.o)
 .text.Chip_Clock_MainPLLLocked
                0x1a0015d0       0x24 /home/snorkman/LPCXpresso/borra/lpc_chip_43xx/Debug/liblpc_chip_43xx.a(sysinit_18xx_43xx.o)
 .text.Chip_SetupCoreClock
                0x1a0015f4      0x15c /home/snorkman/LPCXpresso/borra/lpc_chip_43xx/Debug/liblpc_chip_43xx.a(sysinit_18xx_43xx.o)
                0x1a0015f4                Chip_SetupCoreClock
 .text.Chip_SetupXtalClocking
                0x1a001750       0x18 /home/snorkman/LPCXpresso/borra/lpc_chip_43xx/Debug/liblpc_chip_43xx.a(sysinit_18xx_43xx.o)
                0x1a001750                Chip_SetupXtalClocking
 .text.Chip_UART_TXDisable
                0x1a001768       0x1c /home/snorkman/LPCXpresso/borra/lpc_chip_43xx/Debug/liblpc_chip_43xx.a(uart_18xx_43xx.o)
 .text.Chip_UART_SendByte
                0x1a001784       0x20 /home/snorkman/LPCXpresso/borra/lpc_chip_43xx/Debug/liblpc_chip_43xx.a(uart_18xx_43xx.o)
 .text.Chip_UART_SetupFIFOS
                0x1a0017a4       0x1c /home/snorkman/LPCXpresso/borra/lpc_chip_43xx/Debug/liblpc_chip_43xx.a(uart_18xx_43xx.o)
 .text.Chip_UART_ConfigData
                0x1a0017c0       0x1c /home/snorkman/LPCXpresso/borra/lpc_chip_43xx/Debug/liblpc_chip_43xx.a(uart_18xx_43xx.o)
 .text.Chip_UART_EnableDivisorAccess
                0x1a0017dc       0x20 /home/snorkman/LPCXpresso/borra/lpc_chip_43xx/Debug/liblpc_chip_43xx.a(uart_18xx_43xx.o)
 .text.Chip_UART_DisableDivisorAccess
                0x1a0017fc       0x20 /home/snorkman/LPCXpresso/borra/lpc_chip_43xx/Debug/liblpc_chip_43xx.a(uart_18xx_43xx.o)
 .text.Chip_UART_SetDivisorLatches
                0x1a00181c       0x28 /home/snorkman/LPCXpresso/borra/lpc_chip_43xx/Debug/liblpc_chip_43xx.a(uart_18xx_43xx.o)
 .text.Chip_UART_ReadLineStatus
                0x1a001844       0x18 /home/snorkman/LPCXpresso/borra/lpc_chip_43xx/Debug/liblpc_chip_43xx.a(uart_18xx_43xx.o)
 .text.Chip_UART_GetIndex
                0x1a00185c       0x60 /home/snorkman/LPCXpresso/borra/lpc_chip_43xx/Debug/liblpc_chip_43xx.a(uart_18xx_43xx.o)
 .text.Chip_UART_Init
                0x1a0018bc       0x84 /home/snorkman/LPCXpresso/borra/lpc_chip_43xx/Debug/liblpc_chip_43xx.a(uart_18xx_43xx.o)
                0x1a0018bc                Chip_UART_Init
 .text.Chip_UART_Send
                0x1a001940       0x50 /home/snorkman/LPCXpresso/borra/lpc_chip_43xx/Debug/liblpc_chip_43xx.a(uart_18xx_43xx.o)
                0x1a001940                Chip_UART_Send
 .text.Chip_UART_SendBlocking
                0x1a001990       0x4c /home/snorkman/LPCXpresso/borra/lpc_chip_43xx/Debug/liblpc_chip_43xx.a(uart_18xx_43xx.o)
                0x1a001990                Chip_UART_SendBlocking
 .text.Chip_UART_SetBaud
                0x1a0019dc       0x6c /home/snorkman/LPCXpresso/borra/lpc_chip_43xx/Debug/liblpc_chip_43xx.a(uart_18xx_43xx.o)
                0x1a0019dc                Chip_UART_SetBaud
 .text.__main   0x1a001a48       0x14 /usr/local/lpcxpresso_8.2.2_650/lpcxpresso/tools/bin/../lib/gcc/arm-none-eabi/5.4.1/../../../../arm-none-eabi/lib/armv7e-m/softfp/libcr_nohost.a(_cr__main.o)
                0x1a001a48                __main
 .text.memset   0x1a001a5c        0x4 /usr/local/lpcxpresso_8.2.2_650/lpcxpresso/tools/bin/../lib/gcc/arm-none-eabi/5.4.1/../../../../arm-none-eabi/lib/armv7e-m/softfp/libcr_c.a(memset.o)
                0x1a001a5c                memset
 .text._initio  0x1a001a60       0xa4 /usr/local/lpcxpresso_8.2.2_650/lpcxpresso/tools/bin/../lib/gcc/arm-none-eabi/5.4.1/../../../../arm-none-eabi/lib/armv7e-m/softfp/libcr_c.a(initio.o)
                0x1a001a60                _initio
 .text.setvbuf  0x1a001b04       0x40 /usr/local/lpcxpresso_8.2.2_650/lpcxpresso/tools/bin/../lib/gcc/arm-none-eabi/5.4.1/../../../../arm-none-eabi/lib/armv7e-m/softfp/libcr_c.a(setvbuf.o)
                0x1a001b04                setvbuf
 .text._deferredlazyseek
                0x1a001b44       0x44 /usr/local/lpcxpresso_8.2.2_650/lpcxpresso/tools/bin/../lib/gcc/arm-none-eabi/5.4.1/../../../../arm-none-eabi/lib/armv7e-m/softfp/libcr_c.a(_deferredlazyseek.o)
                0x1a001b44                _deferredlazyseek
 .text._fdopen  0x1a001b88       0x6a /usr/local/lpcxpresso_8.2.2_650/lpcxpresso/tools/bin/../lib/gcc/arm-none-eabi/5.4.1/../../../../arm-none-eabi/lib/armv7e-m/softfp/libcr_c.a(_fdopen.o)
                0x1a001b88                _fdopen
 .text._fflush  0x1a001bf2       0x58 /usr/local/lpcxpresso_8.2.2_650/lpcxpresso/tools/bin/../lib/gcc/arm-none-eabi/5.4.1/../../../../arm-none-eabi/lib/armv7e-m/softfp/libcr_c.a(_fflush.o)
                0x1a001bf2                _fflush
 *fill*         0x1a001c4a        0x2 ff
 .text._Cwritebuf
                0x1a001c4c       0x68 /usr/local/lpcxpresso_8.2.2_650/lpcxpresso/tools/bin/../lib/gcc/arm-none-eabi/5.4.1/../../../../arm-none-eabi/lib/armv7e-m/softfp/libcr_c.a(_writebuf.o)
                0x1a001c4c                _Cwritebuf
 .text.malloc   0x1a001cb4       0xc8 /usr/local/lpcxpresso_8.2.2_650/lpcxpresso/tools/bin/../lib/gcc/arm-none-eabi/5.4.1/../../../../arm-none-eabi/lib/armv7e-m/softfp/libcr_c.a(alloc.o)
                0x1a001cb4                malloc
 .text.free     0x1a001d7c       0x30 /usr/local/lpcxpresso_8.2.2_650/lpcxpresso/tools/bin/../lib/gcc/arm-none-eabi/5.4.1/../../../../arm-none-eabi/lib/armv7e-m/softfp/libcr_c.a(alloc.o)
                0x1a001d7c                free
 .text._Csys_alloc
                0x1a001dac       0x20 /usr/local/lpcxpresso_8.2.2_650/lpcxpresso/tools/bin/../lib/gcc/arm-none-eabi/5.4.1/../../../../arm-none-eabi/lib/armv7e-m/softfp/libcr_c.a(alloc.o)
                0x1a001dac                _Csys_alloc
 .text.fclose   0x1a001dcc       0x6c /usr/local/lpcxpresso_8.2.2_650/lpcxpresso/tools/bin/../lib/gcc/arm-none-eabi/5.4.1/../../../../arm-none-eabi/lib/armv7e-m/softfp/libcr_c.a(fclose.o)
                0x1a001dcc                fclose
 .text.fflush   0x1a001e38       0x30 /usr/local/lpcxpresso_8.2.2_650/lpcxpresso/tools/bin/../lib/gcc/arm-none-eabi/5.4.1/../../../../arm-none-eabi/lib/armv7e-m/softfp/libcr_c.a(fflush.o)
                0x1a001e38                fflush
 .text.fseek    0x1a001e68      0x110 /usr/local/lpcxpresso_8.2.2_650/lpcxpresso/tools/bin/../lib/gcc/arm-none-eabi/5.4.1/../../../../arm-none-eabi/lib/armv7e-m/softfp/libcr_c.a(fseek.o)
                0x1a001e68                fseek
 .text.ftell    0x1a001f78       0x4c /usr/local/lpcxpresso_8.2.2_650/lpcxpresso/tools/bin/../lib/gcc/arm-none-eabi/5.4.1/../../../../arm-none-eabi/lib/armv7e-m/softfp/libcr_c.a(ftell.o)
                0x1a001f78                ftell
 .text.remove   0x1a001fc4       0x14 /usr/local/lpcxpresso_8.2.2_650/lpcxpresso/tools/bin/../lib/gcc/arm-none-eabi/5.4.1/../../../../arm-none-eabi/lib/armv7e-m/softfp/libcr_c.a(remove.o)
                0x1a001fc4                remove
 .text.strlen   0x1a001fd8       0x4a /usr/local/lpcxpresso_8.2.2_650/lpcxpresso/tools/bin/../lib/gcc/arm-none-eabi/5.4.1/../../../../arm-none-eabi/lib/armv7e-m/softfp/libcr_c.a(strlen.o)
                0x1a001fd8                strlen
 *fill*         0x1a002022        0x2 ff
 .text._sbrk    0x1a002024       0x40 /usr/local/lpcxpresso_8.2.2_650/lpcxpresso/tools/bin/../lib/gcc/arm-none-eabi/5.4.1/../../../../arm-none-eabi/lib/armv7e-m/softfp/libcr_c.a(_cr_sbrk.o)
                0x1a002024                _sbrk
 .text._do_fflush
                0x1a002064       0x44 /usr/local/lpcxpresso_8.2.2_650/lpcxpresso/tools/bin/../lib/gcc/arm-none-eabi/5.4.1/../../../../arm-none-eabi/lib/armv7e-m/softfp/libcr_c.a(_do_fflush.o)
                0x1a002064                _do_fflush
 .text.__check_heap_overflow
                0x1a0020a8       0x18 /usr/local/lpcxpresso_8.2.2_650/lpcxpresso/tools/bin/../lib/gcc/arm-none-eabi/5.4.1/../../../../arm-none-eabi/lib/armv7e-m/softfp/libcr_c.a(_cr_check_heap.o)
                0x1a0020a8                __check_heap_overflow
 .text.__aeabi_memset_lowlevel
                0x1a0020c0       0x32 /usr/local/lpcxpresso_8.2.2_650/lpcxpresso/tools/bin/../lib/gcc/arm-none-eabi/5.4.1/armv7e-m/softfp/libcr_eabihelpers.a(memcpy.o)
                0x1a0020c0                __aeabi_lowlevel_memset
 .text.__sys_appexit
                0x1a0020f2        0x2 /usr/local/lpcxpresso_8.2.2_650/lpcxpresso/tools/bin/../lib/gcc/arm-none-eabi/5.4.1/../../../../arm-none-eabi/lib/armv7e-m/softfp/libcr_nohost.a(__sys_appexit.o)
                0x1a0020f2                __exit
                0x1a0020f2                __sys_appexit
 .text.__sys_close
                0x1a0020f4        0x6 /usr/local/lpcxpresso_8.2.2_650/lpcxpresso/tools/bin/../lib/gcc/arm-none-eabi/5.4.1/../../../../arm-none-eabi/lib/armv7e-m/softfp/libcr_nohost.a(__sys_close.o)
                0x1a0020f4                __sys_close
 .text.__sys_flen
                0x1a0020fa        0x6 /usr/local/lpcxpresso_8.2.2_650/lpcxpresso/tools/bin/../lib/gcc/arm-none-eabi/5.4.1/../../../../arm-none-eabi/lib/armv7e-m/softfp/libcr_nohost.a(__sys_flen.o)
                0x1a0020fa                __sys_flen
 .text.__sys_istty
                0x1a002100        0x6 /usr/local/lpcxpresso_8.2.2_650/lpcxpresso/tools/bin/../lib/gcc/arm-none-eabi/5.4.1/../../../../arm-none-eabi/lib/armv7e-m/softfp/libcr_nohost.a(__sys_istty.o)
                0x1a002100                __sys_istty
 .text.__sys_remove
                0x1a002106        0x6 /usr/local/lpcxpresso_8.2.2_650/lpcxpresso/tools/bin/../lib/gcc/arm-none-eabi/5.4.1/../../../../arm-none-eabi/lib/armv7e-m/softfp/libcr_nohost.a(__sys_remove.o)
                0x1a002106                __sys_remove
 .text.__sys_seek
                0x1a00210c        0x6 /usr/local/lpcxpresso_8.2.2_650/lpcxpresso/tools/bin/../lib/gcc/arm-none-eabi/5.4.1/../../../../arm-none-eabi/lib/armv7e-m/softfp/libcr_nohost.a(__sys_seek.o)
                0x1a00210c                __sys_seek
 .text.__sys_tmpnam
                0x1a002112        0x6 /usr/local/lpcxpresso_8.2.2_650/lpcxpresso/tools/bin/../lib/gcc/arm-none-eabi/5.4.1/../../../../arm-none-eabi/lib/armv7e-m/softfp/libcr_nohost.a(__sys_tmpnam.o)
                0x1a002112                __sys_tmpnam
 .text.__sys_write
                0x1a002118        0x4 /usr/local/lpcxpresso_8.2.2_650/lpcxpresso/tools/bin/../lib/gcc/arm-none-eabi/5.4.1/../../../../arm-none-eabi/lib/armv7e-m/softfp/libcr_nohost.a(__sys_write.o)
                0x1a002118                __write
                0x1a002118                __sys_write
 *(.rodata .rodata.* .constdata .constdata.*)
 .rodata.ExtRateIn
                0x1a00211c        0x4 ./example/src/main.o
                0x1a00211c                ExtRateIn
 .rodata.OscRateIn
                0x1a002120        0x4 ./example/src/main.o
                0x1a002120                OscRateIn
 .rodata        0x1a002124       0x14 ./example/src/perifericos.o
 .rodata.InitClkStates
                0x1a002138        0xc /home/snorkman/LPCXpresso/borra/lpc_board_nxp_lpcxpresso_4337/Debug/liblpc_board_nxp_lpcxpresso_4337.a(board_sysinit.o)
 .rodata.pinmuxing
                0x1a002144       0x34 /home/snorkman/LPCXpresso/borra/lpc_board_nxp_lpcxpresso_4337/Debug/liblpc_board_nxp_lpcxpresso_4337.a(board_sysinit.o)
 .rodata.periph_to_base
                0x1a002178       0x6c /home/snorkman/LPCXpresso/borra/lpc_chip_43xx/Debug/liblpc_chip_43xx.a(clock_18xx_43xx.o)
 .rodata        0x1a0021e4        0xa /home/snorkman/LPCXpresso/borra/lpc_chip_43xx/Debug/liblpc_chip_43xx.a(clock_18xx_43xx.o)
 *fill*         0x1a0021ee        0x2 ff
 .rodata.InitClkStates
                0x1a0021f0       0x48 /home/snorkman/LPCXpresso/borra/lpc_chip_43xx/Debug/liblpc_chip_43xx.a(sysinit_18xx_43xx.o)
 .rodata.UART_PClock
                0x1a002238        0x8 /home/snorkman/LPCXpresso/borra/lpc_chip_43xx/Debug/liblpc_chip_43xx.a(uart_18xx_43xx.o)
 .rodata.UART_BClock
                0x1a002240        0x8 /home/snorkman/LPCXpresso/borra/lpc_chip_43xx/Debug/liblpc_chip_43xx.a(uart_18xx_43xx.o)
 .rodata.str1.1
                0x1a002248        0x4 /usr/local/lpcxpresso_8.2.2_650/lpcxpresso/tools/bin/../lib/gcc/arm-none-eabi/5.4.1/../../../../arm-none-eabi/lib/armv7e-m/softfp/libcr_c.a(initio.o)
 .rodata.str1.1
                0x1a00224c       0x18 /usr/local/lpcxpresso_8.2.2_650/lpcxpresso/tools/bin/../lib/gcc/arm-none-eabi/5.4.1/../../../../arm-none-eabi/lib/armv7e-m/softfp/libcr_c.a(alloc.o)
                0x1a002264                . = ALIGN (0x4)

.glue_7         0x1a002264        0x0
 .glue_7        0x1a002264        0x0 linker stubs

.glue_7t        0x1a002264        0x0
 .glue_7t       0x1a002264        0x0 linker stubs

.vfp11_veneer   0x1a002264        0x0
 .vfp11_veneer  0x1a002264        0x0 linker stubs

.v4_bx          0x1a002264        0x0
 .v4_bx         0x1a002264        0x0 linker stubs

.iplt           0x1a002264        0x0
 .iplt          0x1a002264        0x0 ./example/src/cr_startup_lpc43xx.o

.rel.dyn        0x1a002264        0x0
 .rel.iplt      0x1a002264        0x0 ./example/src/cr_startup_lpc43xx.o

.ARM.extab
 *(.ARM.extab* .gnu.linkonce.armextab.*)
                0x1a002264                __exidx_start = .

.ARM.exidx
 *(.ARM.exidx* .gnu.linkonce.armexidx.*)
                0x1a002264                __exidx_end = .
                0x1a002264                _etext = .

.data_RAM2      0x10080000        0x0 load address 0x1a002264
 FILL mask 0xff
                [!provide]                PROVIDE (__start_data_RAM2, .)
 *(.ramfunc.$RAM2)
 *(.ramfunc.$RamLoc40)
 *(.data.$RAM2*)
 *(.data.$RamLoc40*)
                0x10080000                . = ALIGN (0x4)
                [!provide]                PROVIDE (__end_data_RAM2, .)

.data_RAM3      0x20000000        0x0 load address 0x1a002264
 FILL mask 0xff
                [!provide]                PROVIDE (__start_data_RAM3, .)
 *(.ramfunc.$RAM3)
 *(.ramfunc.$RamAHB32)
 *(.data.$RAM3*)
 *(.data.$RamAHB32*)
                0x20000000                . = ALIGN (0x4)
                [!provide]                PROVIDE (__end_data_RAM3, .)

.data_RAM4      0x20008000        0x0 load address 0x1a002264
 FILL mask 0xff
                [!provide]                PROVIDE (__start_data_RAM4, .)
 *(.ramfunc.$RAM4)
 *(.ramfunc.$RamAHB16)
 *(.data.$RAM4*)
 *(.data.$RamAHB16*)
                0x20008000                . = ALIGN (0x4)
                [!provide]                PROVIDE (__end_data_RAM4, .)

.data_RAM5      0x2000c000        0x0 load address 0x1a002264
 FILL mask 0xff
                [!provide]                PROVIDE (__start_data_RAM5, .)
 *(.ramfunc.$RAM5)
 *(.ramfunc.$RamAHB_ETB16)
 *(.data.$RAM5*)
 *(.data.$RamAHB_ETB16*)
                0x2000c000                . = ALIGN (0x4)
                [!provide]                PROVIDE (__end_data_RAM5, .)

.uninit_RESERVED
                0x10000000        0x0
 *(.bss.$RESERVED*)
                0x10000000                . = ALIGN (0x4)
                0x10000000                _end_uninit_RESERVED = .

.data           0x10000000        0x8 load address 0x1a002264
 FILL mask 0xff
                0x10000000                _data = .
 *(vtable)
 *(.ramfunc*)
 *(.data*)
 .data.ADCSetup
                0x10000000        0x8 ./example/src/perifericos.o
                0x10000000                ADCSetup
                0x10000008                . = ALIGN (0x4)
                0x10000008                _edata = .

.igot.plt       0x10000008        0x0 load address 0x1a00226c
 .igot.plt      0x10000008        0x0 ./example/src/cr_startup_lpc43xx.o

.bss_RAM2       0x10080000        0x0
                [!provide]                PROVIDE (__start_bss_RAM2, .)
 *(.bss.$RAM2*)
 *(.bss.$RamLoc40*)
                0x10080000                . = ALIGN ((. != 0x0)?0x4:0x1)
                [!provide]                PROVIDE (__end_bss_RAM2, .)

.bss_RAM3       0x20000000        0x0
                [!provide]                PROVIDE (__start_bss_RAM3, .)
 *(.bss.$RAM3*)
 *(.bss.$RamAHB32*)
                0x20000000                . = ALIGN ((. != 0x0)?0x4:0x1)
                [!provide]                PROVIDE (__end_bss_RAM3, .)

.bss_RAM4       0x20008000        0x0
                [!provide]                PROVIDE (__start_bss_RAM4, .)
 *(.bss.$RAM4*)
 *(.bss.$RamAHB16*)
                0x20008000                . = ALIGN ((. != 0x0)?0x4:0x1)
                [!provide]                PROVIDE (__end_bss_RAM4, .)

.bss_RAM5       0x2000c000        0x0
                [!provide]                PROVIDE (__start_bss_RAM5, .)
 *(.bss.$RAM5*)
 *(.bss.$RamAHB_ETB16*)
                0x2000c000                . = ALIGN ((. != 0x0)?0x4:0x1)
                [!provide]                PROVIDE (__end_bss_RAM5, .)

.bss            0x10000008      0x16c
                0x10000008                _bss = .
 *(.bss*)
 .bss.contador_lecturas
                0x10000008        0x1 ./example/src/fsm_battery_monitor.o
                0x10000008                contador_lecturas
 *fill*         0x10000009        0x3 
 .bss.audio_usb_pll_freq
                0x1000000c        0x8 /home/snorkman/LPCXpresso/borra/lpc_chip_43xx/Debug/liblpc_chip_43xx.a(clock_18xx_43xx.o)
 .bss._extra    0x10000014        0x4 /usr/local/lpcxpresso_8.2.2_650/lpcxpresso/tools/bin/../lib/gcc/arm-none-eabi/5.4.1/../../../../arm-none-eabi/lib/armv7e-m/softfp/libcr_c.a(initio.o)
                0x10000014                _extra
 .bss.__Ciob    0x10000018      0x140 /usr/local/lpcxpresso_8.2.2_650/lpcxpresso/tools/bin/../lib/gcc/arm-none-eabi/5.4.1/../../../../arm-none-eabi/lib/armv7e-m/softfp/libcr_c.a(stdio.o)
                0x10000018                __Ciob
 .bss.__heaps   0x10000158        0x4 /usr/local/lpcxpresso_8.2.2_650/lpcxpresso/tools/bin/../lib/gcc/arm-none-eabi/5.4.1/../../../../arm-none-eabi/lib/armv7e-m/softfp/libcr_c.a(__init_alloc.o)
                0x10000158                __heaps
 .bss.__end_of_heap
                0x1000015c        0x4 /usr/local/lpcxpresso_8.2.2_650/lpcxpresso/tools/bin/../lib/gcc/arm-none-eabi/5.4.1/../../../../arm-none-eabi/lib/armv7e-m/softfp/libcr_c.a(__init_alloc.o)
                0x1000015c                __end_of_heap
 .bss.errno     0x10000160        0x4 /usr/local/lpcxpresso_8.2.2_650/lpcxpresso/tools/bin/../lib/gcc/arm-none-eabi/5.4.1/../../../../arm-none-eabi/lib/armv7e-m/softfp/libcr_c.a(errno.o)
                0x10000160                errno
 *(COMMON)
 COMMON         0x10000164        0x9 ./example/src/fsm_battery_monitor.o
                0x10000164                estado_actual
                0x10000168                v_batt
 *fill*         0x1000016d        0x3 
 COMMON         0x10000170        0x4 /home/snorkman/LPCXpresso/borra/lpc_chip_43xx/Debug/liblpc_chip_43xx.a(chip_18xx_43xx.o)
                0x10000170                SystemCoreClock
                0x10000174                . = ALIGN (0x4)
                0x10000174                _ebss = .
                [!provide]                PROVIDE (end, .)

.noinit_RAM2    0x10080000        0x0
 *(.noinit.$RAM2*)
 *(.noinit.$RamLoc40*)
                0x10080000                . = ALIGN (0x4)

.noinit_RAM3    0x20000000        0x0
 *(.noinit.$RAM3*)
 *(.noinit.$RamAHB32*)
                0x20000000                . = ALIGN (0x4)

.noinit_RAM4    0x20008000        0x0
 *(.noinit.$RAM4*)
 *(.noinit.$RamAHB16*)
                0x20008000                . = ALIGN (0x4)

.noinit_RAM5    0x2000c000        0x0
 *(.noinit.$RAM5*)
 *(.noinit.$RamAHB_ETB16*)
                0x2000c000                . = ALIGN (0x4)

.noinit         0x10000174        0x0
                0x10000174                _noinit = .
 *(.noinit*)
                0x10000174                . = ALIGN (0x4)
                0x10000174                _end_noinit = .
                0x10000174                PROVIDE (_pvHeapStart, DEFINED (__user_heap_base)?__user_heap_base:.)
                0x10008000                PROVIDE (_vStackTop, DEFINED (__user_stack_top)?__user_stack_top:(__top_RamLoc32 - 0x0))
                0x53ff73a2                PROVIDE (__valid_user_code_checksum, (0x0 - ((((((_vStackTop + (ResetISR + 0x1)) + (NMI_Handler + 0x1)) + (HardFault_Handler + 0x1)) + (DEFINED (MemManage_Handler)?MemManage_Handler:0x0 + 0x1)) + (DEFINED (BusFault_Handler)?BusFault_Handler:0x0 + 0x1)) + (DEFINED (UsageFault_Handler)?UsageFault_Handler:0x0 + 0x1))))
OUTPUT(monitor_bat.axf elf32-littlearm)

.debug_info     0x00000000     0x6d8f
 .debug_info    0x00000000      0x297 ./example/src/cr_startup_lpc43xx.o
 .debug_info    0x00000297      0x7a3 ./example/src/fsm_battery_monitor.o
 .debug_info    0x00000a3a      0x5ed ./example/src/main.o
 .debug_info    0x00001027      0xd43 ./example/src/perifericos.o
 .debug_info    0x00001d6a       0xea ./example/src/sysinit.o
 .debug_info    0x00001e54      0xb56 /home/snorkman/LPCXpresso/borra/lpc_board_nxp_lpcxpresso_4337/Debug/liblpc_board_nxp_lpcxpresso_4337.a(board_sysinit.o)
 .debug_info    0x000029aa      0x952 /home/snorkman/LPCXpresso/borra/lpc_chip_43xx/Debug/liblpc_chip_43xx.a(adc_18xx_43xx.o)
 .debug_info    0x000032fc      0xa31 /home/snorkman/LPCXpresso/borra/lpc_chip_43xx/Debug/liblpc_chip_43xx.a(chip_18xx_43xx.o)
 .debug_info    0x00003d2d     0x1590 /home/snorkman/LPCXpresso/borra/lpc_chip_43xx/Debug/liblpc_chip_43xx.a(clock_18xx_43xx.o)
 .debug_info    0x000052bd      0x128 /home/snorkman/LPCXpresso/borra/lpc_chip_43xx/Debug/liblpc_chip_43xx.a(fpu_init.o)
 .debug_info    0x000053e5      0x8fd /home/snorkman/LPCXpresso/borra/lpc_chip_43xx/Debug/liblpc_chip_43xx.a(sysinit_18xx_43xx.o)
 .debug_info    0x00005ce2     0x10ad /home/snorkman/LPCXpresso/borra/lpc_chip_43xx/Debug/liblpc_chip_43xx.a(uart_18xx_43xx.o)

.debug_abbrev   0x00000000     0x11f5
 .debug_abbrev  0x00000000       0xed ./example/src/cr_startup_lpc43xx.o
 .debug_abbrev  0x000000ed      0x121 ./example/src/fsm_battery_monitor.o
 .debug_abbrev  0x0000020e       0xc8 ./example/src/main.o
 .debug_abbrev  0x000002d6      0x238 ./example/src/perifericos.o
 .debug_abbrev  0x0000050e       0x9c ./example/src/sysinit.o
 .debug_abbrev  0x000005aa      0x19a /home/snorkman/LPCXpresso/borra/lpc_board_nxp_lpcxpresso_4337/Debug/liblpc_board_nxp_lpcxpresso_4337.a(board_sysinit.o)
 .debug_abbrev  0x00000744      0x1bf /home/snorkman/LPCXpresso/borra/lpc_chip_43xx/Debug/liblpc_chip_43xx.a(adc_18xx_43xx.o)
 .debug_abbrev  0x00000903      0x155 /home/snorkman/LPCXpresso/borra/lpc_chip_43xx/Debug/liblpc_chip_43xx.a(chip_18xx_43xx.o)
 .debug_abbrev  0x00000a58      0x2cb /home/snorkman/LPCXpresso/borra/lpc_chip_43xx/Debug/liblpc_chip_43xx.a(clock_18xx_43xx.o)
 .debug_abbrev  0x00000d23       0x84 /home/snorkman/LPCXpresso/borra/lpc_chip_43xx/Debug/liblpc_chip_43xx.a(fpu_init.o)
 .debug_abbrev  0x00000da7      0x18e /home/snorkman/LPCXpresso/borra/lpc_chip_43xx/Debug/liblpc_chip_43xx.a(sysinit_18xx_43xx.o)
 .debug_abbrev  0x00000f35      0x2c0 /home/snorkman/LPCXpresso/borra/lpc_chip_43xx/Debug/liblpc_chip_43xx.a(uart_18xx_43xx.o)

.debug_aranges  0x00000000      0x548
 .debug_aranges
                0x00000000       0x80 ./example/src/cr_startup_lpc43xx.o
 .debug_aranges
                0x00000080       0x28 ./example/src/fsm_battery_monitor.o
 .debug_aranges
                0x000000a8       0x20 ./example/src/main.o
 .debug_aranges
                0x000000c8       0x80 ./example/src/perifericos.o
 .debug_aranges
                0x00000148       0x20 ./example/src/sysinit.o
 .debug_aranges
                0x00000168       0x48 /home/snorkman/LPCXpresso/borra/lpc_board_nxp_lpcxpresso_4337/Debug/liblpc_board_nxp_lpcxpresso_4337.a(board_sysinit.o)
 .debug_aranges
                0x000001b0       0x98 /home/snorkman/LPCXpresso/borra/lpc_chip_43xx/Debug/liblpc_chip_43xx.a(adc_18xx_43xx.o)
 .debug_aranges
                0x00000248       0x40 /home/snorkman/LPCXpresso/borra/lpc_chip_43xx/Debug/liblpc_chip_43xx.a(chip_18xx_43xx.o)
 .debug_aranges
                0x00000288      0x138 /home/snorkman/LPCXpresso/borra/lpc_chip_43xx/Debug/liblpc_chip_43xx.a(clock_18xx_43xx.o)
 .debug_aranges
                0x000003c0       0x20 /home/snorkman/LPCXpresso/borra/lpc_chip_43xx/Debug/liblpc_chip_43xx.a(fpu_init.o)
 .debug_aranges
                0x000003e0       0x50 /home/snorkman/LPCXpresso/borra/lpc_chip_43xx/Debug/liblpc_chip_43xx.a(sysinit_18xx_43xx.o)
 .debug_aranges
                0x00000430      0x118 /home/snorkman/LPCXpresso/borra/lpc_chip_43xx/Debug/liblpc_chip_43xx.a(uart_18xx_43xx.o)

.debug_ranges   0x00000000      0x4b8
 .debug_ranges  0x00000000       0x70 ./example/src/cr_startup_lpc43xx.o
 .debug_ranges  0x00000070       0x18 ./example/src/fsm_battery_monitor.o
 .debug_ranges  0x00000088       0x10 ./example/src/main.o
 .debug_ranges  0x00000098       0x70 ./example/src/perifericos.o
 .debug_ranges  0x00000108       0x10 ./example/src/sysinit.o
 .debug_ranges  0x00000118       0x38 /home/snorkman/LPCXpresso/borra/lpc_board_nxp_lpcxpresso_4337/Debug/liblpc_board_nxp_lpcxpresso_4337.a(board_sysinit.o)
 .debug_ranges  0x00000150       0x88 /home/snorkman/LPCXpresso/borra/lpc_chip_43xx/Debug/liblpc_chip_43xx.a(adc_18xx_43xx.o)
 .debug_ranges  0x000001d8       0x30 /home/snorkman/LPCXpresso/borra/lpc_chip_43xx/Debug/liblpc_chip_43xx.a(chip_18xx_43xx.o)
 .debug_ranges  0x00000208      0x140 /home/snorkman/LPCXpresso/borra/lpc_chip_43xx/Debug/liblpc_chip_43xx.a(clock_18xx_43xx.o)
 .debug_ranges  0x00000348       0x10 /home/snorkman/LPCXpresso/borra/lpc_chip_43xx/Debug/liblpc_chip_43xx.a(fpu_init.o)
 .debug_ranges  0x00000358       0x40 /home/snorkman/LPCXpresso/borra/lpc_chip_43xx/Debug/liblpc_chip_43xx.a(sysinit_18xx_43xx.o)
 .debug_ranges  0x00000398      0x120 /home/snorkman/LPCXpresso/borra/lpc_chip_43xx/Debug/liblpc_chip_43xx.a(uart_18xx_43xx.o)

.debug_macro    0x00000000     0x6dd8
 .debug_macro   0x00000000       0x1d ./example/src/cr_startup_lpc43xx.o
 .debug_macro   0x0000001d      0x8a4 ./example/src/cr_startup_lpc43xx.o
 .debug_macro   0x000008c1      0x2e6 ./example/src/fsm_battery_monitor.o
 .debug_macro   0x00000ba7       0x10 ./example/src/fsm_battery_monitor.o
 .debug_macro   0x00000bb7       0x10 ./example/src/fsm_battery_monitor.o
 .debug_macro   0x00000bc7      0x12d ./example/src/fsm_battery_monitor.o
 .debug_macro   0x00000cf4      0x5b2 ./example/src/fsm_battery_monitor.o
 .debug_macro   0x000012a6       0x22 ./example/src/fsm_battery_monitor.o
 .debug_macro   0x000012c8       0x7b ./example/src/fsm_battery_monitor.o
 .debug_macro   0x00001343       0x28 ./example/src/fsm_battery_monitor.o
 .debug_macro   0x0000136b       0x3b ./example/src/fsm_battery_monitor.o
 .debug_macro   0x000013a6       0x2d ./example/src/fsm_battery_monitor.o
 .debug_macro   0x000013d3       0x42 ./example/src/fsm_battery_monitor.o
 .debug_macro   0x00001415      0xd39 ./example/src/fsm_battery_monitor.o
 .debug_macro   0x0000214e      0x2bc ./example/src/fsm_battery_monitor.o
 .debug_macro   0x0000240a      0x112 ./example/src/fsm_battery_monitor.o
 .debug_macro   0x0000251c       0x11 ./example/src/fsm_battery_monitor.o
 .debug_macro   0x0000252d       0x2a ./example/src/fsm_battery_monitor.o
 .debug_macro   0x00002557       0x16 ./example/src/fsm_battery_monitor.o
 .debug_macro   0x0000256d      0x2e6 ./example/src/fsm_battery_monitor.o
 .debug_macro   0x00002853       0x82 ./example/src/fsm_battery_monitor.o
 .debug_macro   0x000028d5      0x13d ./example/src/fsm_battery_monitor.o
 .debug_macro   0x00002a12      0x198 ./example/src/fsm_battery_monitor.o
 .debug_macro   0x00002baa       0x34 ./example/src/fsm_battery_monitor.o
 .debug_macro   0x00002bde       0x58 ./example/src/fsm_battery_monitor.o
 .debug_macro   0x00002c36      0x236 ./example/src/fsm_battery_monitor.o
 .debug_macro   0x00002e6c      0x572 ./example/src/fsm_battery_monitor.o
 .debug_macro   0x000033de       0x16 ./example/src/fsm_battery_monitor.o
 .debug_macro   0x000033f4      0x18a ./example/src/fsm_battery_monitor.o
 .debug_macro   0x0000357e       0x88 ./example/src/fsm_battery_monitor.o
 .debug_macro   0x00003606      0x1b9 ./example/src/fsm_battery_monitor.o
 .debug_macro   0x000037bf      0x1da ./example/src/fsm_battery_monitor.o
 .debug_macro   0x00003999       0x40 ./example/src/fsm_battery_monitor.o
 .debug_macro   0x000039d9       0x1c ./example/src/fsm_battery_monitor.o
 .debug_macro   0x000039f5       0x2e ./example/src/fsm_battery_monitor.o
 .debug_macro   0x00003a23       0x2e ./example/src/fsm_battery_monitor.o
 .debug_macro   0x00003a51       0x22 ./example/src/fsm_battery_monitor.o
 .debug_macro   0x00003a73      0x201 ./example/src/fsm_battery_monitor.o
 .debug_macro   0x00003c74       0xe0 ./example/src/fsm_battery_monitor.o
 .debug_macro   0x00003d54      0x34c ./example/src/fsm_battery_monitor.o
 .debug_macro   0x000040a0       0xdc ./example/src/fsm_battery_monitor.o
 .debug_macro   0x0000417c       0xc4 ./example/src/fsm_battery_monitor.o
 .debug_macro   0x00004240       0x94 ./example/src/fsm_battery_monitor.o
 .debug_macro   0x000042d4       0xb8 ./example/src/fsm_battery_monitor.o
 .debug_macro   0x0000438c       0x4c ./example/src/fsm_battery_monitor.o
 .debug_macro   0x000043d8       0x16 ./example/src/fsm_battery_monitor.o
 .debug_macro   0x000043ee      0x328 ./example/src/fsm_battery_monitor.o
 .debug_macro   0x00004716       0x3a ./example/src/fsm_battery_monitor.o
 .debug_macro   0x00004750       0xd0 ./example/src/fsm_battery_monitor.o
 .debug_macro   0x00004820       0x18 ./example/src/fsm_battery_monitor.o
 .debug_macro   0x00004838       0x22 ./example/src/fsm_battery_monitor.o
 .debug_macro   0x0000485a       0x40 ./example/src/fsm_battery_monitor.o
 .debug_macro   0x0000489a      0x2e6 ./example/src/main.o
 .debug_macro   0x00004b80      0x2e2 ./example/src/perifericos.o
 .debug_macro   0x00004e62      0x310 ./example/src/sysinit.o
 .debug_macro   0x00005172       0xf6 ./example/src/sysinit.o
 .debug_macro   0x00005268       0x9a ./example/src/sysinit.o
 .debug_macro   0x00005302       0x20 ./example/src/sysinit.o
 .debug_macro   0x00005322      0x310 /home/snorkman/LPCXpresso/borra/lpc_board_nxp_lpcxpresso_4337/Debug/liblpc_board_nxp_lpcxpresso_4337.a(board_sysinit.o)
 .debug_macro   0x00005632      0x89e /home/snorkman/LPCXpresso/borra/lpc_board_nxp_lpcxpresso_4337/Debug/liblpc_board_nxp_lpcxpresso_4337.a(board_sysinit.o)
 .debug_macro   0x00005ed0      0x2da /home/snorkman/LPCXpresso/borra/lpc_chip_43xx/Debug/liblpc_chip_43xx.a(adc_18xx_43xx.o)
 .debug_macro   0x000061aa      0x2da /home/snorkman/LPCXpresso/borra/lpc_chip_43xx/Debug/liblpc_chip_43xx.a(chip_18xx_43xx.o)
 .debug_macro   0x00006484      0x2e0 /home/snorkman/LPCXpresso/borra/lpc_chip_43xx/Debug/liblpc_chip_43xx.a(clock_18xx_43xx.o)
 .debug_macro   0x00006764       0xc0 /home/snorkman/LPCXpresso/borra/lpc_chip_43xx/Debug/liblpc_chip_43xx.a(fpu_init.o)
 .debug_macro   0x00006824      0x2da /home/snorkman/LPCXpresso/borra/lpc_chip_43xx/Debug/liblpc_chip_43xx.a(sysinit_18xx_43xx.o)
 .debug_macro   0x00006afe      0x2da /home/snorkman/LPCXpresso/borra/lpc_chip_43xx/Debug/liblpc_chip_43xx.a(uart_18xx_43xx.o)

.debug_line     0x00000000     0x4b8d
 .debug_line    0x00000000      0x102 ./example/src/cr_startup_lpc43xx.o
 .debug_line    0x00000102      0x679 ./example/src/fsm_battery_monitor.o
 .debug_line    0x0000077b      0x645 ./example/src/main.o
 .debug_line    0x00000dc0      0x763 ./example/src/perifericos.o
 .debug_line    0x00001523      0x644 ./example/src/sysinit.o
 .debug_line    0x00001b67      0x6cb /home/snorkman/LPCXpresso/borra/lpc_board_nxp_lpcxpresso_4337/Debug/liblpc_board_nxp_lpcxpresso_4337.a(board_sysinit.o)
 .debug_line    0x00002232      0x727 /home/snorkman/LPCXpresso/borra/lpc_chip_43xx/Debug/liblpc_chip_43xx.a(adc_18xx_43xx.o)
 .debug_line    0x00002959      0x640 /home/snorkman/LPCXpresso/borra/lpc_chip_43xx/Debug/liblpc_chip_43xx.a(chip_18xx_43xx.o)
 .debug_line    0x00002f99      0xa3d /home/snorkman/LPCXpresso/borra/lpc_chip_43xx/Debug/liblpc_chip_43xx.a(clock_18xx_43xx.o)
 .debug_line    0x000039d6      0x1ec /home/snorkman/LPCXpresso/borra/lpc_chip_43xx/Debug/liblpc_chip_43xx.a(fpu_init.o)
 .debug_line    0x00003bc2      0x6ae /home/snorkman/LPCXpresso/borra/lpc_chip_43xx/Debug/liblpc_chip_43xx.a(sysinit_18xx_43xx.o)
 .debug_line    0x00004270      0x91d /home/snorkman/LPCXpresso/borra/lpc_chip_43xx/Debug/liblpc_chip_43xx.a(uart_18xx_43xx.o)

.debug_str      0x00000000    0x17807
 .debug_str     0x00000000     0x2732 ./example/src/cr_startup_lpc43xx.o
                               0x274a (size before relaxing)
 .debug_str     0x00002732    0x13581 ./example/src/fsm_battery_monitor.o
                              0x15bc1 (size before relaxing)
 .debug_str     0x00015cb3       0x2f ./example/src/main.o
                              0x15b32 (size before relaxing)
 .debug_str     0x00015ce2      0x33b ./example/src/perifericos.o
                              0x15e88 (size before relaxing)
 .debug_str     0x0001601d      0x660 ./example/src/sysinit.o
                              0x1572d (size before relaxing)
 .debug_str     0x0001667d      0x32f /home/snorkman/LPCXpresso/borra/lpc_board_nxp_lpcxpresso_4337/Debug/liblpc_board_nxp_lpcxpresso_4337.a(board_sysinit.o)
                              0x164d1 (size before relaxing)
 .debug_str     0x000169ac      0x305 /home/snorkman/LPCXpresso/borra/lpc_chip_43xx/Debug/liblpc_chip_43xx.a(adc_18xx_43xx.o)
                              0x158f8 (size before relaxing)
 .debug_str     0x00016cb1       0xb1 /home/snorkman/LPCXpresso/borra/lpc_chip_43xx/Debug/liblpc_chip_43xx.a(chip_18xx_43xx.o)
                              0x15de0 (size before relaxing)
 .debug_str     0x00016d62      0x5d2 /home/snorkman/LPCXpresso/borra/lpc_chip_43xx/Debug/liblpc_chip_43xx.a(clock_18xx_43xx.o)
                              0x16363 (size before relaxing)
 .debug_str     0x00017334       0xb5 /home/snorkman/LPCXpresso/borra/lpc_chip_43xx/Debug/liblpc_chip_43xx.a(fpu_init.o)
                               0x9949 (size before relaxing)
 .debug_str     0x000173e9       0xb4 /home/snorkman/LPCXpresso/borra/lpc_chip_43xx/Debug/liblpc_chip_43xx.a(sysinit_18xx_43xx.o)
                              0x15daf (size before relaxing)
 .debug_str     0x0001749d      0x36a /home/snorkman/LPCXpresso/borra/lpc_chip_43xx/Debug/liblpc_chip_43xx.a(uart_18xx_43xx.o)
                              0x15f13 (size before relaxing)

.comment        0x00000000       0xdc
 .comment       0x00000000       0x6e ./example/src/cr_startup_lpc43xx.o
                                 0x6f (size before relaxing)
 .comment       0x0000006e       0x6f ./example/src/fsm_battery_monitor.o
 .comment       0x0000006e       0x6f ./example/src/main.o
 .comment       0x0000006e       0x6f ./example/src/perifericos.o
 .comment       0x0000006e       0x6f ./example/src/sysinit.o
 .comment       0x0000006e       0x6f /home/snorkman/LPCXpresso/borra/lpc_board_nxp_lpcxpresso_4337/Debug/liblpc_board_nxp_lpcxpresso_4337.a(board_sysinit.o)
 .comment       0x0000006e       0x6f /home/snorkman/LPCXpresso/borra/lpc_chip_43xx/Debug/liblpc_chip_43xx.a(adc_18xx_43xx.o)
 .comment       0x0000006e       0x6f /home/snorkman/LPCXpresso/borra/lpc_chip_43xx/Debug/liblpc_chip_43xx.a(chip_18xx_43xx.o)
 .comment       0x0000006e       0x6f /home/snorkman/LPCXpresso/borra/lpc_chip_43xx/Debug/liblpc_chip_43xx.a(clock_18xx_43xx.o)
 .comment       0x0000006e       0x6f /home/snorkman/LPCXpresso/borra/lpc_chip_43xx/Debug/liblpc_chip_43xx.a(fpu_init.o)
 .comment       0x0000006e       0x6f /home/snorkman/LPCXpresso/borra/lpc_chip_43xx/Debug/liblpc_chip_43xx.a(sysinit_18xx_43xx.o)
 .comment       0x0000006e       0x6f /home/snorkman/LPCXpresso/borra/lpc_chip_43xx/Debug/liblpc_chip_43xx.a(uart_18xx_43xx.o)
 .comment       0x0000006e       0x6e /usr/local/lpcxpresso_8.2.2_650/lpcxpresso/tools/bin/../lib/gcc/arm-none-eabi/5.4.1/../../../../arm-none-eabi/lib/armv7e-m/softfp/libcr_nohost.a(_cr__main.o)
                                 0x6f (size before relaxing)
 .comment       0x000000dc       0x6f /usr/local/lpcxpresso_8.2.2_650/lpcxpresso/tools/bin/../lib/gcc/arm-none-eabi/5.4.1/../../../../arm-none-eabi/lib/armv7e-m/softfp/libcr_c.a(memset.o)
 .comment       0x000000dc       0x6f /usr/local/lpcxpresso_8.2.2_650/lpcxpresso/tools/bin/../lib/gcc/arm-none-eabi/5.4.1/../../../../arm-none-eabi/lib/armv7e-m/softfp/libcr_c.a(initio.o)
 .comment       0x000000dc       0x6f /usr/local/lpcxpresso_8.2.2_650/lpcxpresso/tools/bin/../lib/gcc/arm-none-eabi/5.4.1/../../../../arm-none-eabi/lib/armv7e-m/softfp/libcr_c.a(setvbuf.o)
 .comment       0x000000dc       0x6f /usr/local/lpcxpresso_8.2.2_650/lpcxpresso/tools/bin/../lib/gcc/arm-none-eabi/5.4.1/../../../../arm-none-eabi/lib/armv7e-m/softfp/libcr_c.a(stdio.o)
 .comment       0x000000dc       0x6f /usr/local/lpcxpresso_8.2.2_650/lpcxpresso/tools/bin/../lib/gcc/arm-none-eabi/5.4.1/../../../../arm-none-eabi/lib/armv7e-m/softfp/libcr_c.a(_deferredlazyseek.o)
 .comment       0x000000dc       0x6f /usr/local/lpcxpresso_8.2.2_650/lpcxpresso/tools/bin/../lib/gcc/arm-none-eabi/5.4.1/../../../../arm-none-eabi/lib/armv7e-m/softfp/libcr_c.a(_fdopen.o)
 .comment       0x000000dc       0x6f /usr/local/lpcxpresso_8.2.2_650/lpcxpresso/tools/bin/../lib/gcc/arm-none-eabi/5.4.1/../../../../arm-none-eabi/lib/armv7e-m/softfp/libcr_c.a(_fflush.o)
 .comment       0x000000dc       0x6f /usr/local/lpcxpresso_8.2.2_650/lpcxpresso/tools/bin/../lib/gcc/arm-none-eabi/5.4.1/../../../../arm-none-eabi/lib/armv7e-m/softfp/libcr_c.a(_writebuf.o)
 .comment       0x000000dc       0x6f /usr/local/lpcxpresso_8.2.2_650/lpcxpresso/tools/bin/../lib/gcc/arm-none-eabi/5.4.1/../../../../arm-none-eabi/lib/armv7e-m/softfp/libcr_c.a(alloc.o)
 .comment       0x000000dc       0x6f /usr/local/lpcxpresso_8.2.2_650/lpcxpresso/tools/bin/../lib/gcc/arm-none-eabi/5.4.1/../../../../arm-none-eabi/lib/armv7e-m/softfp/libcr_c.a(fclose.o)
 .comment       0x000000dc       0x6f /usr/local/lpcxpresso_8.2.2_650/lpcxpresso/tools/bin/../lib/gcc/arm-none-eabi/5.4.1/../../../../arm-none-eabi/lib/armv7e-m/softfp/libcr_c.a(fflush.o)
 .comment       0x000000dc       0x6f /usr/local/lpcxpresso_8.2.2_650/lpcxpresso/tools/bin/../lib/gcc/arm-none-eabi/5.4.1/../../../../arm-none-eabi/lib/armv7e-m/softfp/libcr_c.a(fseek.o)
 .comment       0x000000dc       0x6f /usr/local/lpcxpresso_8.2.2_650/lpcxpresso/tools/bin/../lib/gcc/arm-none-eabi/5.4.1/../../../../arm-none-eabi/lib/armv7e-m/softfp/libcr_c.a(ftell.o)
 .comment       0x000000dc       0x6f /usr/local/lpcxpresso_8.2.2_650/lpcxpresso/tools/bin/../lib/gcc/arm-none-eabi/5.4.1/../../../../arm-none-eabi/lib/armv7e-m/softfp/libcr_c.a(remove.o)
 .comment       0x000000dc       0x6f /usr/local/lpcxpresso_8.2.2_650/lpcxpresso/tools/bin/../lib/gcc/arm-none-eabi/5.4.1/../../../../arm-none-eabi/lib/armv7e-m/softfp/libcr_c.a(strlen.o)
 .comment       0x000000dc       0x6f /usr/local/lpcxpresso_8.2.2_650/lpcxpresso/tools/bin/../lib/gcc/arm-none-eabi/5.4.1/../../../../arm-none-eabi/lib/armv7e-m/softfp/libcr_c.a(__init_alloc.o)
 .comment       0x000000dc       0x6f /usr/local/lpcxpresso_8.2.2_650/lpcxpresso/tools/bin/../lib/gcc/arm-none-eabi/5.4.1/../../../../arm-none-eabi/lib/armv7e-m/softfp/libcr_c.a(_cr_sbrk.o)
 .comment       0x000000dc       0x6f /usr/local/lpcxpresso_8.2.2_650/lpcxpresso/tools/bin/../lib/gcc/arm-none-eabi/5.4.1/../../../../arm-none-eabi/lib/armv7e-m/softfp/libcr_c.a(_do_fflush.o)
 .comment       0x000000dc       0x6f /usr/local/lpcxpresso_8.2.2_650/lpcxpresso/tools/bin/../lib/gcc/arm-none-eabi/5.4.1/../../../../arm-none-eabi/lib/armv7e-m/softfp/libcr_c.a(errno.o)
 .comment       0x000000dc       0x6f /usr/local/lpcxpresso_8.2.2_650/lpcxpresso/tools/bin/../lib/gcc/arm-none-eabi/5.4.1/../../../../arm-none-eabi/lib/armv7e-m/softfp/libcr_c.a(_cr_check_heap.o)
 .comment       0x000000dc       0x6f /usr/local/lpcxpresso_8.2.2_650/lpcxpresso/tools/bin/../lib/gcc/arm-none-eabi/5.4.1/../../../../arm-none-eabi/lib/armv7e-m/softfp/libcr_nohost.a(__sys_appexit.o)
 .comment       0x000000dc       0x6f /usr/local/lpcxpresso_8.2.2_650/lpcxpresso/tools/bin/../lib/gcc/arm-none-eabi/5.4.1/../../../../arm-none-eabi/lib/armv7e-m/softfp/libcr_nohost.a(__sys_close.o)
 .comment       0x000000dc       0x6f /usr/local/lpcxpresso_8.2.2_650/lpcxpresso/tools/bin/../lib/gcc/arm-none-eabi/5.4.1/../../../../arm-none-eabi/lib/armv7e-m/softfp/libcr_nohost.a(__sys_flen.o)
 .comment       0x000000dc       0x6f /usr/local/lpcxpresso_8.2.2_650/lpcxpresso/tools/bin/../lib/gcc/arm-none-eabi/5.4.1/../../../../arm-none-eabi/lib/armv7e-m/softfp/libcr_nohost.a(__sys_istty.o)
 .comment       0x000000dc       0x6f /usr/local/lpcxpresso_8.2.2_650/lpcxpresso/tools/bin/../lib/gcc/arm-none-eabi/5.4.1/../../../../arm-none-eabi/lib/armv7e-m/softfp/libcr_nohost.a(__sys_remove.o)
 .comment       0x000000dc       0x6f /usr/local/lpcxpresso_8.2.2_650/lpcxpresso/tools/bin/../lib/gcc/arm-none-eabi/5.4.1/../../../../arm-none-eabi/lib/armv7e-m/softfp/libcr_nohost.a(__sys_seek.o)
 .comment       0x000000dc       0x6f /usr/local/lpcxpresso_8.2.2_650/lpcxpresso/tools/bin/../lib/gcc/arm-none-eabi/5.4.1/../../../../arm-none-eabi/lib/armv7e-m/softfp/libcr_nohost.a(__sys_tmpnam.o)
 .comment       0x000000dc       0x6f /usr/local/lpcxpresso_8.2.2_650/lpcxpresso/tools/bin/../lib/gcc/arm-none-eabi/5.4.1/../../../../arm-none-eabi/lib/armv7e-m/softfp/libcr_nohost.a(__sys_write.o)

.ARM.attributes
                0x00000000       0x35
 .ARM.attributes
                0x00000000       0x37 ./example/src/cr_startup_lpc43xx.o
 .ARM.attributes
                0x00000037       0x37 ./example/src/fsm_battery_monitor.o
 .ARM.attributes
                0x0000006e       0x37 ./example/src/main.o
 .ARM.attributes
                0x000000a5       0x37 ./example/src/perifericos.o
 .ARM.attributes
                0x000000dc       0x37 ./example/src/sysinit.o
 .ARM.attributes
                0x00000113       0x37 /home/snorkman/LPCXpresso/borra/lpc_board_nxp_lpcxpresso_4337/Debug/liblpc_board_nxp_lpcxpresso_4337.a(board_sysinit.o)
 .ARM.attributes
                0x0000014a       0x37 /home/snorkman/LPCXpresso/borra/lpc_chip_43xx/Debug/liblpc_chip_43xx.a(adc_18xx_43xx.o)
 .ARM.attributes
                0x00000181       0x37 /home/snorkman/LPCXpresso/borra/lpc_chip_43xx/Debug/liblpc_chip_43xx.a(chip_18xx_43xx.o)
 .ARM.attributes
                0x000001b8       0x37 /home/snorkman/LPCXpresso/borra/lpc_chip_43xx/Debug/liblpc_chip_43xx.a(clock_18xx_43xx.o)
 .ARM.attributes
                0x000001ef       0x37 /home/snorkman/LPCXpresso/borra/lpc_chip_43xx/Debug/liblpc_chip_43xx.a(fpu_init.o)
 .ARM.attributes
                0x00000226       0x37 /home/snorkman/LPCXpresso/borra/lpc_chip_43xx/Debug/liblpc_chip_43xx.a(sysinit_18xx_43xx.o)
 .ARM.attributes
                0x0000025d       0x37 /home/snorkman/LPCXpresso/borra/lpc_chip_43xx/Debug/liblpc_chip_43xx.a(uart_18xx_43xx.o)
 .ARM.attributes
                0x00000294       0x37 /usr/local/lpcxpresso_8.2.2_650/lpcxpresso/tools/bin/../lib/gcc/arm-none-eabi/5.4.1/../../../../arm-none-eabi/lib/armv7e-m/softfp/libcr_nohost.a(_cr__main.o)
 .ARM.attributes
                0x000002cb       0x37 /usr/local/lpcxpresso_8.2.2_650/lpcxpresso/tools/bin/../lib/gcc/arm-none-eabi/5.4.1/../../../../arm-none-eabi/lib/armv7e-m/softfp/libcr_c.a(memset.o)
 .ARM.attributes
                0x00000302       0x37 /usr/local/lpcxpresso_8.2.2_650/lpcxpresso/tools/bin/../lib/gcc/arm-none-eabi/5.4.1/../../../../arm-none-eabi/lib/armv7e-m/softfp/libcr_c.a(initio.o)
 .ARM.attributes
                0x00000339       0x37 /usr/local/lpcxpresso_8.2.2_650/lpcxpresso/tools/bin/../lib/gcc/arm-none-eabi/5.4.1/../../../../arm-none-eabi/lib/armv7e-m/softfp/libcr_c.a(setvbuf.o)
 .ARM.attributes
                0x00000370       0x37 /usr/local/lpcxpresso_8.2.2_650/lpcxpresso/tools/bin/../lib/gcc/arm-none-eabi/5.4.1/../../../../arm-none-eabi/lib/armv7e-m/softfp/libcr_c.a(stdio.o)
 .ARM.attributes
                0x000003a7       0x37 /usr/local/lpcxpresso_8.2.2_650/lpcxpresso/tools/bin/../lib/gcc/arm-none-eabi/5.4.1/../../../../arm-none-eabi/lib/armv7e-m/softfp/libcr_c.a(_deferredlazyseek.o)
 .ARM.attributes
                0x000003de       0x37 /usr/local/lpcxpresso_8.2.2_650/lpcxpresso/tools/bin/../lib/gcc/arm-none-eabi/5.4.1/../../../../arm-none-eabi/lib/armv7e-m/softfp/libcr_c.a(_fdopen.o)
 .ARM.attributes
                0x00000415       0x37 /usr/local/lpcxpresso_8.2.2_650/lpcxpresso/tools/bin/../lib/gcc/arm-none-eabi/5.4.1/../../../../arm-none-eabi/lib/armv7e-m/softfp/libcr_c.a(_fflush.o)
 .ARM.attributes
                0x0000044c       0x37 /usr/local/lpcxpresso_8.2.2_650/lpcxpresso/tools/bin/../lib/gcc/arm-none-eabi/5.4.1/../../../../arm-none-eabi/lib/armv7e-m/softfp/libcr_c.a(_writebuf.o)
 .ARM.attributes
                0x00000483       0x37 /usr/local/lpcxpresso_8.2.2_650/lpcxpresso/tools/bin/../lib/gcc/arm-none-eabi/5.4.1/../../../../arm-none-eabi/lib/armv7e-m/softfp/libcr_c.a(alloc.o)
 .ARM.attributes
                0x000004ba       0x37 /usr/local/lpcxpresso_8.2.2_650/lpcxpresso/tools/bin/../lib/gcc/arm-none-eabi/5.4.1/../../../../arm-none-eabi/lib/armv7e-m/softfp/libcr_c.a(fclose.o)
 .ARM.attributes
                0x000004f1       0x37 /usr/local/lpcxpresso_8.2.2_650/lpcxpresso/tools/bin/../lib/gcc/arm-none-eabi/5.4.1/../../../../arm-none-eabi/lib/armv7e-m/softfp/libcr_c.a(fflush.o)
 .ARM.attributes
                0x00000528       0x37 /usr/local/lpcxpresso_8.2.2_650/lpcxpresso/tools/bin/../lib/gcc/arm-none-eabi/5.4.1/../../../../arm-none-eabi/lib/armv7e-m/softfp/libcr_c.a(fseek.o)
 .ARM.attributes
                0x0000055f       0x37 /usr/local/lpcxpresso_8.2.2_650/lpcxpresso/tools/bin/../lib/gcc/arm-none-eabi/5.4.1/../../../../arm-none-eabi/lib/armv7e-m/softfp/libcr_c.a(ftell.o)
 .ARM.attributes
                0x00000596       0x37 /usr/local/lpcxpresso_8.2.2_650/lpcxpresso/tools/bin/../lib/gcc/arm-none-eabi/5.4.1/../../../../arm-none-eabi/lib/armv7e-m/softfp/libcr_c.a(remove.o)
 .ARM.attributes
                0x000005cd       0x37 /usr/local/lpcxpresso_8.2.2_650/lpcxpresso/tools/bin/../lib/gcc/arm-none-eabi/5.4.1/../../../../arm-none-eabi/lib/armv7e-m/softfp/libcr_c.a(strlen.o)
 .ARM.attributes
                0x00000604       0x37 /usr/local/lpcxpresso_8.2.2_650/lpcxpresso/tools/bin/../lib/gcc/arm-none-eabi/5.4.1/../../../../arm-none-eabi/lib/armv7e-m/softfp/libcr_c.a(__init_alloc.o)
 .ARM.attributes
                0x0000063b       0x37 /usr/local/lpcxpresso_8.2.2_650/lpcxpresso/tools/bin/../lib/gcc/arm-none-eabi/5.4.1/../../../../arm-none-eabi/lib/armv7e-m/softfp/libcr_c.a(_cr_sbrk.o)
 .ARM.attributes
                0x00000672       0x37 /usr/local/lpcxpresso_8.2.2_650/lpcxpresso/tools/bin/../lib/gcc/arm-none-eabi/5.4.1/../../../../arm-none-eabi/lib/armv7e-m/softfp/libcr_c.a(_do_fflush.o)
 .ARM.attributes
                0x000006a9       0x37 /usr/local/lpcxpresso_8.2.2_650/lpcxpresso/tools/bin/../lib/gcc/arm-none-eabi/5.4.1/../../../../arm-none-eabi/lib/armv7e-m/softfp/libcr_c.a(errno.o)
 .ARM.attributes
                0x000006e0       0x37 /usr/local/lpcxpresso_8.2.2_650/lpcxpresso/tools/bin/../lib/gcc/arm-none-eabi/5.4.1/../../../../arm-none-eabi/lib/armv7e-m/softfp/libcr_c.a(_cr_check_heap.o)
 .ARM.attributes
                0x00000717       0x25 /usr/local/lpcxpresso_8.2.2_650/lpcxpresso/tools/bin/../lib/gcc/arm-none-eabi/5.4.1/armv7e-m/softfp/libcr_eabihelpers.a(memcpy.o)
 .ARM.attributes
                0x0000073c       0x37 /usr/local/lpcxpresso_8.2.2_650/lpcxpresso/tools/bin/../lib/gcc/arm-none-eabi/5.4.1/../../../../arm-none-eabi/lib/armv7e-m/softfp/libcr_nohost.a(__sys_appexit.o)
 .ARM.attributes
                0x00000773       0x37 /usr/local/lpcxpresso_8.2.2_650/lpcxpresso/tools/bin/../lib/gcc/arm-none-eabi/5.4.1/../../../../arm-none-eabi/lib/armv7e-m/softfp/libcr_nohost.a(__sys_close.o)
 .ARM.attributes
                0x000007aa       0x37 /usr/local/lpcxpresso_8.2.2_650/lpcxpresso/tools/bin/../lib/gcc/arm-none-eabi/5.4.1/../../../../arm-none-eabi/lib/armv7e-m/softfp/libcr_nohost.a(__sys_flen.o)
 .ARM.attributes
                0x000007e1       0x37 /usr/local/lpcxpresso_8.2.2_650/lpcxpresso/tools/bin/../lib/gcc/arm-none-eabi/5.4.1/../../../../arm-none-eabi/lib/armv7e-m/softfp/libcr_nohost.a(__sys_istty.o)
 .ARM.attributes
                0x00000818       0x37 /usr/local/lpcxpresso_8.2.2_650/lpcxpresso/tools/bin/../lib/gcc/arm-none-eabi/5.4.1/../../../../arm-none-eabi/lib/armv7e-m/softfp/libcr_nohost.a(__sys_remove.o)
 .ARM.attributes
                0x0000084f       0x37 /usr/local/lpcxpresso_8.2.2_650/lpcxpresso/tools/bin/../lib/gcc/arm-none-eabi/5.4.1/../../../../arm-none-eabi/lib/armv7e-m/softfp/libcr_nohost.a(__sys_seek.o)
 .ARM.attributes
                0x00000886       0x37 /usr/local/lpcxpresso_8.2.2_650/lpcxpresso/tools/bin/../lib/gcc/arm-none-eabi/5.4.1/../../../../arm-none-eabi/lib/armv7e-m/softfp/libcr_nohost.a(__sys_tmpnam.o)
 .ARM.attributes
                0x000008bd       0x37 /usr/local/lpcxpresso_8.2.2_650/lpcxpresso/tools/bin/../lib/gcc/arm-none-eabi/5.4.1/../../../../arm-none-eabi/lib/armv7e-m/softfp/libcr_nohost.a(__sys_write.o)

.debug_frame    0x00000000     0x1350
 .debug_frame   0x00000000      0x170 ./example/src/cr_startup_lpc43xx.o
 .debug_frame   0x00000170       0x48 ./example/src/fsm_battery_monitor.o
 .debug_frame   0x000001b8       0x2c ./example/src/main.o
 .debug_frame   0x000001e4      0x1d8 ./example/src/perifericos.o
 .debug_frame   0x000003bc       0x34 ./example/src/sysinit.o
 .debug_frame   0x000003f0       0xe4 /home/snorkman/LPCXpresso/borra/lpc_board_nxp_lpcxpresso_4337/Debug/liblpc_board_nxp_lpcxpresso_4337.a(board_sysinit.o)
 .debug_frame   0x000004d4      0x264 /home/snorkman/LPCXpresso/borra/lpc_chip_43xx/Debug/liblpc_chip_43xx.a(adc_18xx_43xx.o)
 .debug_frame   0x00000738       0xa0 /home/snorkman/LPCXpresso/borra/lpc_chip_43xx/Debug/liblpc_chip_43xx.a(chip_18xx_43xx.o)
 .debug_frame   0x000007d8      0x568 /home/snorkman/LPCXpresso/borra/lpc_chip_43xx/Debug/liblpc_chip_43xx.a(clock_18xx_43xx.o)
 .debug_frame   0x00000d40       0x38 /home/snorkman/LPCXpresso/borra/lpc_chip_43xx/Debug/liblpc_chip_43xx.a(fpu_init.o)
 .debug_frame   0x00000d78       0xf4 /home/snorkman/LPCXpresso/borra/lpc_chip_43xx/Debug/liblpc_chip_43xx.a(sysinit_18xx_43xx.o)
 .debug_frame   0x00000e6c      0x4e4 /home/snorkman/LPCXpresso/borra/lpc_chip_43xx/Debug/liblpc_chip_43xx.a(uart_18xx_43xx.o)
